Copyright 1986-2018 Xilinx, Inc. All Rights Reserved.
--------------------------------------------------------------------------------------
| Tool Version : Vivado v.2018.2 (win64) Build 2258646 Thu Jun 14 20:03:12 MDT 2018
| Date         : Wed Jun 20 14:37:48 2018
| Host         : DPA310 running 64-bit Service Pack 1  (build 7601)
| Command      : report_control_sets -verbose -file cw305_top_control_sets_placed.rpt
| Design       : cw305_top
| Device       : xc7a100t
--------------------------------------------------------------------------------------

Control Set Information

Table of Contents
-----------------
1. Summary
2. Histogram
3. Flip-Flop Distribution
4. Detailed Control Set Information

1. Summary
----------

+----------------------------------------------------------+-------+
|                          Status                          | Count |
+----------------------------------------------------------+-------+
| Number of unique control sets                            |    45 |
| Unused register locations in slices containing registers |    28 |
+----------------------------------------------------------+-------+


2. Histogram
------------

+--------+--------------+
| Fanout | Control Sets |
+--------+--------------+
|      2 |            2 |
|      8 |            1 |
|     10 |            1 |
|     14 |            1 |
|    16+ |           40 |
+--------+--------------+


3. Flip-Flop Distribution
-------------------------

+--------------+-----------------------+------------------------+-----------------+--------------+
| Clock Enable | Synchronous Set/Reset | Asynchronous Set/Reset | Total Registers | Total Slices |
+--------------+-----------------------+------------------------+-----------------+--------------+
| No           | No                    | No                     |             414 |           96 |
| No           | No                    | Yes                    |               0 |            0 |
| No           | Yes                   | No                     |              20 |            4 |
| Yes          | No                    | No                     |            1050 |          186 |
| Yes          | No                    | Yes                    |               0 |            0 |
| Yes          | Yes                   | No                     |             264 |           86 |
+--------------+-----------------------+------------------------+-----------------+--------------+


4. Detailed Control Set Information
-----------------------------------

+-----------------------------------+----------------------------------------+-------------------+------------------+----------------+
|            Clock Signal           |              Enable Signal             |  Set/Reset Signal | Slice Load Count | Bel Load Count |
+-----------------------------------+----------------------------------------+-------------------+------------------+----------------+
|  usb_wrn_IBUF_BUFG                |                                        |                   |                1 |              2 |
|  usb_wrn_IBUF_BUFG                | my_usb/memory_input[128]_i_1_n_0       |                   |                1 |              2 |
|  reg_inst/clk_rand/start_int2_reg | aes_core/tio_trigger_OBUF              | reg_inst/state[0] |                1 |              8 |
|  usb_wrn_IBUF_BUFG                | my_usb/memory_input[260]_i_1_n_0       |                   |                4 |             10 |
|  reg_inst/buf_cryptoclk           | reg_inst/clk_rand/rand_bits[6]_i_1_n_0 |                   |                1 |             14 |
|  usb_wrn_IBUF_BUFG                | my_usb/memory_input[4191]_i_1_n_0      |                   |                3 |             16 |
|  usb_wrn_IBUF_BUFG                | my_usb/memory_input[4199]_i_1_n_0      |                   |                4 |             16 |
|  usb_wrn_IBUF_BUFG                | my_usb/memory_input[4207]_i_1_n_0      |                   |                3 |             16 |
|  usb_wrn_IBUF_BUFG                | my_usb/memory_input[2135]_i_1_n_0      |                   |                2 |             16 |
|  usb_wrn_IBUF_BUFG                | my_usb/memory_input[4215]_i_1_n_0      |                   |                1 |             16 |
|  usb_wrn_IBUF_BUFG                | my_usb/memory_input[4223]_i_1_n_0      |                   |                1 |             16 |
| ~usb_rdn_IBUF_BUFG                |                                        |                   |                6 |             16 |
|  usb_wrn_IBUF_BUFG                | my_usb/memory_input[2055]_i_1_n_0      |                   |                2 |             16 |
|  usb_wrn_IBUF_BUFG                | my_usb/memory_input[2063]_i_1_n_0      |                   |                2 |             16 |
|  usb_wrn_IBUF_BUFG                | my_usb/memory_input[2071]_i_1_n_0      |                   |                2 |             16 |
|  usb_wrn_IBUF_BUFG                | my_usb/memory_input[2079]_i_1_n_0      |                   |                3 |             16 |
|  usb_wrn_IBUF_BUFG                | my_usb/memory_input[2087]_i_1_n_0      |                   |                4 |             16 |
|  usb_wrn_IBUF_BUFG                | my_usb/memory_input[2095]_i_1_n_0      |                   |                2 |             16 |
|  usb_wrn_IBUF_BUFG                | my_usb/memory_input[2103]_i_1_n_0      |                   |                2 |             16 |
|  usb_wrn_IBUF_BUFG                | my_usb/memory_input[2111]_i_1_n_0      |                   |                3 |             16 |
|  usb_wrn_IBUF_BUFG                | my_usb/memory_input[2119]_i_1_n_0      |                   |                4 |             16 |
|  usb_wrn_IBUF_BUFG                | my_usb/memory_input[2127]_i_1_n_0      |                   |                2 |             16 |
|  usb_wrn_IBUF_BUFG                | my_usb/memory_input[4183]_i_1_n_0      |                   |                2 |             16 |
|  usb_wrn_IBUF_BUFG                | my_usb/memory_input[2143]_i_1_n_0      |                   |                1 |             16 |
|  usb_wrn_IBUF_BUFG                | my_usb/memory_input[2151]_i_1_n_0      |                   |                4 |             16 |
|  usb_wrn_IBUF_BUFG                | my_usb/memory_input[2159]_i_1_n_0      |                   |                2 |             16 |
|  usb_wrn_IBUF_BUFG                | my_usb/memory_input[2167]_i_1_n_0      |                   |                3 |             16 |
|  usb_wrn_IBUF_BUFG                | my_usb/memory_input[2175]_i_1_n_0      |                   |                2 |             16 |
|  usb_wrn_IBUF_BUFG                | my_usb/memory_input[4103]_i_1_n_0      |                   |                2 |             16 |
|  usb_wrn_IBUF_BUFG                | my_usb/memory_input[4111]_i_1_n_0      |                   |                4 |             16 |
|  usb_wrn_IBUF_BUFG                | my_usb/memory_input[4119]_i_1_n_0      |                   |                3 |             16 |
|  usb_wrn_IBUF_BUFG                | my_usb/memory_input[4127]_i_1_n_0      |                   |                2 |             16 |
|  usb_wrn_IBUF_BUFG                | my_usb/memory_input[4135]_i_1_n_0      |                   |                2 |             16 |
|  usb_wrn_IBUF_BUFG                | my_usb/memory_input[4143]_i_1_n_0      |                   |                1 |             16 |
|  usb_wrn_IBUF_BUFG                | my_usb/memory_input[4151]_i_1_n_0      |                   |                1 |             16 |
|  usb_wrn_IBUF_BUFG                | my_usb/memory_input[4159]_i_1_n_0      |                   |                4 |             16 |
|  usb_wrn_IBUF_BUFG                | my_usb/memory_input[4167]_i_1_n_0      |                   |                1 |             16 |
|  usb_wrn_IBUF_BUFG                | my_usb/memory_input[4175]_i_1_n_0      |                   |                2 |             16 |
|  reg_inst/clk_rand/start_int2_reg |                                        | reg_inst/state[0] |                4 |             20 |
|  reg_inst/buf_cryptoclk           |                                        |                   |                3 |             32 |
|  my_usb/usb_clk_buf               |                                        |                   |                8 |             56 |
|  reg_inst/clk_rand/start_int2_reg | aes_core/data_o[127]_i_1_n_0           | reg_inst/state[0] |               85 |            256 |
|  reg_inst/clk_rand/start_int2_reg | aes_core/state[127]_i_1_n_0            |                   |               65 |            256 |
|  reg_inst/clk_rand/start_int2_reg | aes_core/E[0]                          |                   |               39 |            256 |
|  reg_inst/clk_rand/start_int2_reg |                                        |                   |               78 |            308 |
+-----------------------------------+----------------------------------------+-------------------+------------------+----------------+


